
> pyrarides-evp@1.0.0 build
> prisma generate && next build

Environment variables loaded from .env
Prisma schema loaded from prisma\schema.prisma

Γ£ö Generated Prisma Client (v5.22.0) to .\node_modules\@prisma\client in 608ms

Start by importing your Prisma Client (See: https://pris.ly/d/importing-client)

Help us improve the Prisma ORM for everyone. Share your feedback in a short 2-min survey: https://pris.ly/orm/survey/release-5-22

  Γû▓ Next.js 14.2.33
  - Environments: .env.production, .env

   Creating an optimized production build ...
 Γ£ô (pwa) Compiling for server...
 Γ£ô (pwa) Compiling for server...
 Γ£ô (pwa) Compiling for client (static)...
 Γùï (pwa) Service worker: C:\Users\Administrator\Desktop\pyraride\public\sw.js
 Γùï (pwa)   URL: /sw.js
 Γùï (pwa)   Scope: /
 Γùï (pwa) This app will fallback to these precached routes when fetching from the cache and the network fails:
 Γùï (pwa)   Documents (pages): /offline
 Γùï (pwa) Custom runtimeCaching array found, using it instead of the default one.
 Γ£ô Compiled successfully
   Skipping linting
   Checking validity of types ...
   Collecting page data ...
node.exe : PrismaClien
tInitializationError: 
At C:\Program Files\no
dejs\npm.ps1:29 char:3
+   & $NODE_EXE 
$NPM_CLI_JS $args
+   ~~~~~~~~~~~~~~~~~~
~~~~~~~~~~~
    + CategoryInfo    
          : NotSpeci  
  fied: (PrismaClie   
 ntInitializationE    
rror: :String) []    
, RemoteException
    + FullyQualifiedE 
   rrorId : NativeCo  
  mmandError
 
Invalid `prisma.stable
.findMany()` 
invocation:


error: Error 
validating datasource 
`db`: the URL must 
start with the 
protocol 
`postgresql://` or 
`postgres://`.
  -->  
schema.prisma:10
   | 
 9 |   provider = 
"postgresql"
10 |   url      = 
env("DATABASE_URL") 
// Connects to Neon
   | 

Validation Error 
Count: 1
    at 
$n.handleRequestError 
(C:\Users\Administrato
r\Desktop\pyraride\nod
e_modules\@prisma\clie
nt\runtime\library.js:
121:7615)
    at $n.handleAndLog
RequestError (C:\Users
\Administrator\Desktop
\pyraride\node_modules
\@prisma\client\runtim
e\library.js:121:6623)
    at $n.request (C:\
Users\Administrator\De
sktop\pyraride\node_mo
dules\@prisma\client\r
untime\library.js:121:
6307)
    at async l (C:\Use
rs\Administrator\Deskt
op\pyraride\node_modul
es\@prisma\client\runt
ime\library.js:130:963
3)
    at async Object.d 
[as 
generateStaticParams] 
(C:\Users\Administrato
r\Desktop\pyraride\.ne
xt\server\app\stables\
[id]\page.js:3:83943)
    at async 
buildParams (C:\Users\
Administrator\Desktop\
pyraride\node_modules\
next\dist\build\utils.
js:1026:40)
    at async C:\Users\
Administrator\Desktop\
pyraride\node_modules\
next\dist\build\utils.
js:1043:33
    at async C:\Users\
Administrator\Desktop\
pyraride\node_modules\
next\dist\build\utils.
js:1178:114
    at async 
Span.traceAsyncFn (C:\
Users\Administrator\De
sktop\pyraride\node_mo
dules\next\dist\trace\
trace.js:154:20) {
  clientVersion: 
'5.22.0',
  errorCode: undefined
}

> Build error occurred
Error: Failed to 
collect page data for 
/stables/[id]
    at C:\Users\Admini
strator\Desktop\pyrari
de\node_modules\next\d
ist\build\utils.js:126
9:15 {
  type: 'Error'
}
